apiVersion: cni.tanzu.vmware.com/v1alpha1
kind: CalicoConfig
metadata:
  name: v1.23.3---vmware.1-tkg.1
  namespace: tkg-system
spec:
  calico:
    config:
      vethMTU: 0
