apiVersion: cpi.tanzu.vmware.com/v1alpha1
kind: VSphereCPIConfig
metadata:
  name: v1.23.3---vmware.1-tkg.1
  namespace: tkg-system
spec:
  vsphereCPI:
    mode: vsphereParavirtualCPI
