apiVersion: run.tanzu.vmware.com/v1alpha3
kind: KappControllerConfig
metadata:
  name: v1.23.3---vmware.1-tkg.1
  namespace: tkg-system
  annotations:
    tkg.tanzu.vmware.com/template-config: "true"
spec:
  namespace: tkg-system
  kappController:
    globalNamespace: tkg-system
    deployment:
      concurrency: 4
      hostNetwork: true
      priorityClassName: system-cluster-critical
      apiPort: 10100
      metricsBindAddress: "0"
      tolerations:
      - key: CriticalAddonsOnly
        operator: Exists
      - effect: NoSchedule
        key: node-role.kubernetes.io/control-plane
      - effect: NoSchedule
        key: node-role.kubernetes.io/master
      - effect: NoSchedule
        key: node.kubernetes.io/not-ready
      - effect: NoSchedule
        key: node.cloudprovider.kubernetes.io/uninitialized
        value: "true"
